// Jest Snapshot v1, https://goo.gl/fbAQLP

exports[`renders without crashing 1`] = `
<div>
  <input
    className="input-text"
    onChange={[Function]}
    placeholder="Series name"
    type="text"
    value=""
  />
  <button
    className="btn"
    onClick={[Function]}
  >
    New Series
  </button>
</div>
`;
